Loading required package: SC2
Loading required package: RcppArmadillo
Loading required package: igraph

Attaching package: ‘igraph’

The following objects are masked from ‘package:stats’:

    decompose, spectrum

The following object is masked from ‘package:base’:

    union

Loading required package: RANN
            used   (Mb) gc trigger    (Mb)   max used   (Mb)
Ncells    663739   35.5    1541260    82.4    1065908   57.0
Vcells 790873423 6033.9 1754254445 13383.9 1222723522 9328.7
parameter grid: 1 ---------------------------------
SC2 iter 0: train rmse = 0.678220375789
SC2 iter 0: test rmse = 0.678500879927
Iteration 0 ---------------------------------
SC2 iter 0: train rmse = 0.676647053174
SC2 iter 0: test rmse = 0.676920839514
Delta loss for iter 0:365878.03935
SC2 iter 0: train rmse = 0.435362809991
SC2 iter 0: test rmse = 0.435465400379
Delta loss for iter 0:46073390.9497
Iteration 1 ---------------------------------
SC2 iter 1: train rmse = 0.435224342675
SC2 iter 1: test rmse = 0.435332305015
Delta loss for iter 1:20701.3965217
SC2 iter 1: train rmse = 0.435224957047
SC2 iter 1: test rmse = 0.435332792875
Delta loss for iter 1:117.246123999
Iteration 2 ---------------------------------
SC2 iter 2: train rmse = 0.435224273016
SC2 iter 2: test rmse = 0.435332286503
Delta loss for iter 2:102.272658393
SC2 iter 2: train rmse = 0.435224854709
SC2 iter 2: test rmse = 0.435332702289
Delta loss for iter 2:90.3821611293
Iteration 3 ---------------------------------
SC2 iter 3: train rmse = 0.435224272972
SC2 iter 3: test rmse = 0.435332286691
Delta loss for iter 3:86.9816984124
SC2 iter 3: train rmse = 0.435224775776
SC2 iter 3: test rmse = 0.435332633151
Delta loss for iter 3:77.8410195261
Iteration 4 ---------------------------------
SC2 iter 4: train rmse = 0.435224272959
SC2 iter 4: test rmse = 0.435332286843
Delta loss for iter 4:75.184568733
SC2 iter 4: train rmse = 0.435224713392
SC2 iter 4: test rmse = 0.435332579042
Delta loss for iter 4:67.9783441797
Iteration 5 ---------------------------------
SC2 iter 5: train rmse = 0.435224272948
SC2 iter 5: test rmse = 0.43533228697
Delta loss for iter 5:65.861026261
SC2 iter 5: train rmse = 0.435224662988
SC2 iter 5: test rmse = 0.435332535805
Delta loss for iter 5:60.060224507
Iteration 6 ---------------------------------
SC2 iter 6: train rmse = 0.435224272931
SC2 iter 6: test rmse = 0.435332287077
Delta loss for iter 6:58.3290679343
SC2 iter 6: train rmse = 0.435224621624
SC2 iter 6: test rmse = 0.435332500652
Delta loss for iter 6:53.5748841651
Iteration 7 ---------------------------------
SC2 iter 7: train rmse = 0.435224272915
SC2 iter 7: test rmse = 0.435332287164
Delta loss for iter 7:52.1482021548
SC2 iter 7: train rmse = 0.435224587119
SC2 iter 7: test rmse = 0.435332471644
Delta loss for iter 7:48.1888693348
Iteration 8 ---------------------------------
SC2 iter 8: train rmse = 0.435224272909
SC2 iter 8: test rmse = 0.435332287238
Delta loss for iter 8:46.9912631959
SC2 iter 8: train rmse = 0.435224557986
SC2 iter 8: test rmse = 0.435332447397
Delta loss for iter 8:43.654629007
Iteration 9 ---------------------------------
SC2 iter 9: train rmse = 0.435224272908
SC2 iter 9: test rmse = 0.435332287303
Delta loss for iter 9:42.6367446557
SC2 iter 9: train rmse = 0.435224533117
SC2 iter 9: test rmse = 0.435332426906
Delta loss for iter 9:39.7925124951
Iteration 10 ---------------------------------
SC2 iter 10: train rmse = 0.435224272898
SC2 iter 10: test rmse = 0.43533228736
Delta loss for iter 10:38.9208311662
SC2 iter 10: train rmse = 0.435224511687
SC2 iter 10: test rmse = 0.435332409419
Delta loss for iter 10:36.4669838846
Iteration 11 ---------------------------------
SC2 iter 11: train rmse = 0.435224272899
SC2 iter 11: test rmse = 0.435332287408
Delta loss for iter 11:35.7172473408
